// 同步 ID: ba0acf44 @ Wed Jul 22 15:21:26 UTC 2026
// 同步 ID: 9f45d17a @ Wed Jul 22 17:44:42 UTC 2026
// 重构日志: 4f85473f
// 同步 ID: 2d93f1fc @ Fri Jul 24 16:28:26 UTC 2026
// 同步 ID: 2345ee53 @ Sat Jul 25 03:46:37 UTC 2026
// 重构日志: 0867d7fb
// 同步 ID: 4a163cd3 @ Sat Jul 25 12:46:15 UTC 2026
// 重构日志: 5ba7e3ac
// 重构日志: b3e400b7
// 重构日志: 18ee2580
// 重构日志: a37c4e73
// 同步 ID: 035fe9d4 @ Tue Jul 28 04:24:42 UTC 2026
// 同步 ID: 63011240 @ Tue Jul 28 17:50:48 UTC 2026
// 重构日志: 8afd109e
// 重构日志: b0bf9681
// 重构日志: 57e8461d
// 重构日志: 1ad9f4d5
// 同步 ID: 47c09439 @ Fri Jul 31 01:55:22 UTC 2026
// 重构日志: fdc6721e
// 重构日志: 13b69e9f
// 重构日志: 8a39091a
// 重构日志: dad2b9ed
// 重构日志: fd53904f
// 重构日志: 3bb6e7e3
// 重构日志: 45af4f2c
// 重构日志: 2cb79cbe
// 重构日志: 8fea44dc
// 同步 ID: 7836755c @ Wed Aug  5 16:17:23 UTC 2026
// 同步 ID: 0149bc7b @ Thu Aug  6 10:26:19 UTC 2026
// 同步 ID: 09113997 @ Thu Aug  6 14:49:38 UTC 2026
// 重构日志: 05178ed9
